Info: Starting: Create simulation model
Info: qsys-generate D:\444444\SONAR1\main_clock.qsys --simulation=VHDL --allow-mixed-language-simulation --output-directory=D:\444444\SONAR1\main_clock\simulation --family="MAX 10" --part=10M08SAE144C8G
Progress: Loading SONAR1/main_clock.qsys
Progress: Reading input file
Progress: Adding int_osc_0 [altera_int_osc 18.0]
Progress: Parameterizing module int_osc_0
Progress: Building connections
Progress: Parameterizing connections
Progress: Validating
Progress: Done reading input file
Info: main_clock: Generating main_clock "main_clock" for SIM_VHDL
Info: int_osc_0: Generating top-level entity altera_int_osc.
Info: int_osc_0: "main_clock" instantiated altera_int_osc "int_osc_0"
Info: main_clock: Done "main_clock" with 2 modules, 3 files
Info: qsys-generate succeeded.
Info: Finished: Create simulation model
Info: Starting: Create Modelsim Project.
Info: sim-script-gen --spd=D:\444444\SONAR1\main_clock\main_clock.spd --output-directory=D:/444444/SONAR1/main_clock/simulation/ --use-relative-paths=true
Info: Doing: ip-make-simscript --spd=D:\444444\SONAR1\main_clock\main_clock.spd --output-directory=D:/444444/SONAR1/main_clock/simulation/ --use-relative-paths=true
Info: Generating the following file(s) for MODELSIM simulator in D:/444444/SONAR1/main_clock/simulation/ directory:
Info: 	mentor/msim_setup.tcl
Info: Skipping VCS script generation since VHDL file $QUARTUS_INSTALL_DIR/eda/sim_lib/altera_syn_attributes.vhd is required for simulation
Info: Generating the following file(s) for VCSMX simulator in D:/444444/SONAR1/main_clock/simulation/ directory:
Info: 	synopsys/vcsmx/synopsys_sim.setup
Info: 	synopsys/vcsmx/vcsmx_setup.sh
Info: Generating the following file(s) for NCSIM simulator in D:/444444/SONAR1/main_clock/simulation/ directory:
Info: 	cadence/cds.lib
Info: 	cadence/hdl.var
Info: 	cadence/ncsim_setup.sh
Info: 	1 .cds.lib files in cadence/cds_libs/ directory
Info: Generating the following file(s) for RIVIERA simulator in D:/444444/SONAR1/main_clock/simulation/ directory:
Info: 	aldec/rivierapro_setup.tcl
Info: For information on how to simulate your IP, see the explanatory comments in the simulator-specific subdirectories under D:/444444/SONAR1/main_clock/simulation/.
Info: Regenerate these scripts whenever you make any change to any Quartus-generated IP in your project.
Info: Finished: Create Modelsim Project.
Info: Starting: Create block symbol file (.bsf)
Info: qsys-generate D:\444444\SONAR1\main_clock.qsys --block-symbol-file --output-directory=D:\444444\SONAR1\main_clock --family="MAX 10" --part=10M08SAE144C8G
Progress: Loading SONAR1/main_clock.qsys
Progress: Reading input file
Progress: Adding int_osc_0 [altera_int_osc 18.0]
Progress: Parameterizing module int_osc_0
Progress: Building connections
Progress: Parameterizing connections
Progress: Validating
Progress: Done reading input file
Info: qsys-generate succeeded.
Info: Finished: Create block symbol file (.bsf)
Info: 
Info: Starting: Create HDL design files for synthesis
Info: qsys-generate D:\444444\SONAR1\main_clock.qsys --synthesis=VHDL --output-directory=D:\444444\SONAR1\main_clock\synthesis --family="MAX 10" --part=10M08SAE144C8G
Progress: Loading SONAR1/main_clock.qsys
Progress: Reading input file
Progress: Adding int_osc_0 [altera_int_osc 18.0]
Progress: Parameterizing module int_osc_0
Progress: Building connections
Progress: Parameterizing connections
Progress: Validating
Progress: Done reading input file
Info: main_clock: Generating main_clock "main_clock" for QUARTUS_SYNTH
Info: int_osc_0: Generating top-level entity altera_int_osc.
Info: int_osc_0: "main_clock" instantiated altera_int_osc "int_osc_0"
Info: main_clock: Done "main_clock" with 2 modules, 3 files
Info: qsys-generate succeeded.
Info: Finished: Create HDL design files for synthesis
